// Jest Snapshot v1, https://goo.gl/fbAQLP

exports[`Pruebas en <FirstApp /> Debe coincidir con el snapshot 1`] = `
<div>
  <h1
    data-testid="test-title"
  >
    Hola, soy Goku
  </h1>
  <p>
    1010101010
  </p>
  <p>
    1010101010
  </p>
  <p>
    No me mandaste nombre
  </p>
</div>
`;
